<testsuites id="" name="" tests="6" failures="0" skipped="0" errors="0" time="4.366682">
<testsuite name="tests/homepage.spec.js" timestamp="2026-03-07T10:27:24.517Z" hostname="chromium" tests="6" failures="0" skipped="0" time="2.532" errors="0">
<testcase name="Homepage › should load successfully" classname="tests/homepage.spec.js" time="0.468">
</testcase>
<testcase name="Homepage › should display navigation menu" classname="tests/homepage.spec.js" time="0.399">
</testcase>
<testcase name="Homepage › should display recent articles" classname="tests/homepage.spec.js" time="0.407">
</testcase>
<testcase name="Homepage › should have working sitemap link" classname="tests/homepage.spec.js" time="0.431">
</testcase>
<testcase name="Homepage › should have proper HTML structure" classname="tests/homepage.spec.js" time="0.405">
</testcase>
<testcase name="Homepage › should have SEO meta tags" classname="tests/homepage.spec.js" time="0.422">
</testcase>
</testsuite>
</testsuites>